PRT1
273
512
4 0 2 (6517 10240 6776 ) (6144 10240 6776 ) (6144 10240 -8280 ) (6517 10240 -8280 ) 
4 0 1 (6144 10288 -8280 ) (6144 10240 -8280 ) (6144 10240 6776 ) (6144 10288 6776 ) 
4 1 10 (5120 10240 -8280 ) (5120 10240 6776 ) (5120 10288 6776 ) (5120 10288 -8280 ) 
4 1 3 (5120 10240 6776 ) (5120 10240 -8280 ) (6144 10240 -8280 ) (6144 10240 6776 ) 
4 2 4 (6517 9216 6776 ) (6144 9216 6776 ) (6144 9216 -8280 ) (6517 9216 -8280 ) 
4 2 3 (6144 10240 6776 ) (6144 10240 -8280 ) (6144 9216 -8280 ) (6144 9216 6776 ) 
4 3 12 (5120 9216 -8280 ) (5120 9216 6776 ) (5120 10240 6776 ) (5120 10240 -8280 ) 
4 3 5 (6144 9216 -8280 ) (6144 9216 6776 ) (5120 9216 6776 ) (5120 9216 -8280 ) 
4 4 6 (6517 8192 6776 ) (6144 8192 6776 ) (6144 8192 -8280 ) (6517 8192 -8280 ) 
4 4 5 (6144 9216 6776 ) (6144 9216 -8280 ) (6144 8192 -8280 ) (6144 8192 6776 ) 
4 5 18 (5120 8192 -8280 ) (5120 8192 6776 ) (5120 9216 6776 ) (5120 9216 -8280 ) 
4 5 7 (6144 8192 -8280 ) (6144 8192 6776 ) (5120 8192 6776 ) (5120 8192 -8280 ) 
4 6 8 (6517 7168 6776 ) (6144 7168 6776 ) (6144 7168 -8280 ) (6517 7168 -8280 ) 
4 6 7 (6144 7168 -8280 ) (6144 7168 6776 ) (6144 8192 6776 ) (6144 8192 -8280 ) 
4 7 20 (5120 7168 -8280 ) (5120 7168 6776 ) (5120 8192 6776 ) (5120 8192 -8280 ) 
4 7 9 (5120 7168 6776 ) (5120 7168 -8280 ) (6144 7168 -8280 ) (6144 7168 6776 ) 
4 8 30 (6517 6144 6776 ) (6144 6144 6776 ) (6144 6144 -8280 ) (6517 6144 -8280 ) 
4 8 9 (6144 7168 6776 ) (6144 7168 -8280 ) (6144 6144 -8280 ) (6144 6144 6776 ) 
4 9 31 (6144 6144 -8280 ) (6144 6144 6776 ) (5120 6144 6776 ) (5120 6144 -8280 ) 
4 9 22 (5120 6144 -8280 ) (5120 6144 6776 ) (5120 7168 6776 ) (5120 7168 -8280 ) 
4 10 12 (5120 10240 -8280 ) (5120 10240 6776 ) (4096 10240 6776 ) (4096 10240 -8280 ) 
4 10 11 (4096 10288 -8280 ) (4096 10240 -8280 ) (4096 10240 6776 ) (4096 10288 6776 ) 
4 11 14 (3072 10240 -8280 ) (3072 10240 6776 ) (3072 10288 6776 ) (3072 10288 -8280 ) 
4 11 13 (3072 10240 6776 ) (3072 10240 -8280 ) (4096 10240 -8280 ) (4096 10240 6776 ) 
4 12 18 (5120 9216 -8280 ) (5120 9216 6776 ) (4096 9216 6776 ) (4096 9216 -8280 ) 
4 12 13 (4096 10240 6776 ) (4096 10240 -8280 ) (4096 9216 -8280 ) (4096 9216 6776 ) 
4 13 19 (4096 9216 -8280 ) (4096 9216 6776 ) (3072 9216 6776 ) (3072 9216 -8280 ) 
4 13 16 (3072 9216 -8280 ) (3072 9216 6776 ) (3072 10240 6776 ) (3072 10240 -8280 ) 
4 14 16 (3072 10240 -8280 ) (3072 10240 6776 ) (2048 10240 6776 ) (2048 10240 -8280 ) 
4 14 15 (2048 10288 -8280 ) (2048 10240 -8280 ) (2048 10240 6776 ) (2048 10288 6776 ) 
4 15 66 (1024 10240 -8280 ) (1024 10240 6776 ) (1024 10288 6776 ) (1024 10288 -8280 ) 
4 15 17 (1024 10240 6776 ) (1024 10240 -8280 ) (2048 10240 -8280 ) (2048 10240 6776 ) 
4 16 24 (3072 9216 -8280 ) (3072 9216 6776 ) (2048 9216 6776 ) (2048 9216 -8280 ) 
4 16 17 (2048 10240 6776 ) (2048 10240 -8280 ) (2048 9216 -8280 ) (2048 9216 6776 ) 
4 17 68 (1024 9216 -8280 ) (1024 9216 6776 ) (1024 10240 6776 ) (1024 10240 -8280 ) 
4 17 25 (2048 9216 -8280 ) (2048 9216 6776 ) (1024 9216 6776 ) (1024 9216 -8280 ) 
4 18 20 (5120 8192 -8280 ) (5120 8192 6776 ) (4096 8192 6776 ) (4096 8192 -8280 ) 
4 18 19 (4096 9216 6776 ) (4096 9216 -8280 ) (4096 8192 -8280 ) (4096 8192 6776 ) 
4 19 24 (3072 9216 6776 ) (3072 9216 -8280 ) (3072 8192 -8280 ) (3072 8192 6776 ) 
4 19 21 (4096 8192 -8280 ) (4096 8192 6776 ) (3072 8192 6776 ) (3072 8192 -8280 ) 
4 20 22 (5120 7168 -8280 ) (5120 7168 6776 ) (4096 7168 6776 ) (4096 7168 -8280 ) 
4 20 21 (4096 7168 -8280 ) (4096 7168 6776 ) (4096 8192 6776 ) (4096 8192 -8280 ) 
4 21 26 (3072 7168 -8280 ) (3072 7168 6776 ) (3072 8192 6776 ) (3072 8192 -8280 ) 
4 21 23 (3072 7168 6776 ) (3072 7168 -8280 ) (4096 7168 -8280 ) (4096 7168 6776 ) 
4 22 42 (5120 6144 -8280 ) (5120 6144 6776 ) (4096 6144 6776 ) (4096 6144 -8280 ) 
4 22 23 (4096 7168 6776 ) (4096 7168 -8280 ) (4096 6144 -8280 ) (4096 6144 6776 ) 
4 23 43 (4096 6144 -8280 ) (4096 6144 6776 ) (3072 6144 6776 ) (3072 6144 -8280 ) 
4 23 28 (3072 6144 -8280 ) (3072 6144 6776 ) (3072 7168 6776 ) (3072 7168 -8280 ) 
4 24 26 (3072 8192 -8280 ) (3072 8192 6776 ) (2048 8192 6776 ) (2048 8192 -8280 ) 
4 24 25 (2048 9216 6776 ) (2048 9216 -8280 ) (2048 8192 -8280 ) (2048 8192 6776 ) 
4 25 74 (1024 8192 -8280 ) (1024 8192 6776 ) (1024 9216 6776 ) (1024 9216 -8280 ) 
4 25 27 (2048 8192 -8280 ) (2048 8192 6776 ) (1024 8192 6776 ) (1024 8192 -8280 ) 
4 26 28 (3072 7168 -8280 ) (3072 7168 6776 ) (2048 7168 6776 ) (2048 7168 -8280 ) 
4 26 27 (2048 7168 -8280 ) (2048 7168 6776 ) (2048 8192 6776 ) (2048 8192 -8280 ) 
4 27 76 (1024 7168 -8280 ) (1024 7168 6776 ) (1024 8192 6776 ) (1024 8192 -8280 ) 
4 27 29 (1024 7168 6776 ) (1024 7168 -8280 ) (2048 7168 -8280 ) (2048 7168 6776 ) 
4 28 48 (3072 6144 -8280 ) (3072 6144 6776 ) (2048 6144 6776 ) (2048 6144 -8280 ) 
4 28 29 (2048 7168 6776 ) (2048 7168 -8280 ) (2048 6144 -8280 ) (2048 6144 6776 ) 
4 29 78 (1024 6144 -8280 ) (1024 6144 6776 ) (1024 7168 6776 ) (1024 7168 -8280 ) 
4 29 49 (2048 6144 -8280 ) (2048 6144 6776 ) (1024 6144 6776 ) (1024 6144 -8280 ) 
4 30 32 (6517 5120 6776 ) (6144 5120 6776 ) (6144 5120 -8280 ) (6517 5120 -8280 ) 
4 30 31 (6144 6144 6776 ) (6144 6144 -8280 ) (6144 5120 -8280 ) (6144 5120 6776 ) 
4 31 42 (5120 6144 6776 ) (5120 6144 -8280 ) (5120 5120 -8280 ) (5120 5120 6776 ) 
4 31 33 (6144 5120 -8280 ) (6144 5120 6776 ) (5120 5120 6776 ) (5120 5120 -8280 ) 
4 32 34 (6517 4096 6776 ) (6144 4096 6776 ) (6144 4096 -8280 ) (6517 4096 -8280 ) 
4 32 33 (6144 4096 -8280 ) (6144 4096 6776 ) (6144 5120 6776 ) (6144 5120 -8280 ) 
4 33 44 (5120 4096 -8280 ) (5120 4096 6776 ) (5120 5120 6776 ) (5120 5120 -8280 ) 
4 33 35 (5120 4096 6776 ) (5120 4096 -8280 ) (6144 4096 -8280 ) (6144 4096 6776 ) 
4 34 36 (6517 3072 6776 ) (6144 3072 6776 ) (6144 3072 -8280 ) (6517 3072 -8280 ) 
4 34 35 (6144 4096 6776 ) (6144 4096 -8280 ) (6144 3072 -8280 ) (6144 3072 6776 ) 
4 35 46 (5120 3072 -8280 ) (5120 3072 6776 ) (5120 4096 6776 ) (5120 4096 -8280 ) 
4 35 37 (6144 3072 -8280 ) (6144 3072 6776 ) (5120 3072 6776 ) (5120 3072 -8280 ) 
4 36 38 (6517 2048 6776 ) (6144 2048 6776 ) (6144 2048 -8280 ) (6517 2048 -8280 ) 
4 36 37 (6144 3072 6776 ) (6144 3072 -8280 ) (6144 2048 -8280 ) (6144 2048 6776 ) 
4 37 54 (5120 2048 -8280 ) (5120 2048 6776 ) (5120 3072 6776 ) (5120 3072 -8280 ) 
4 37 39 (6144 2048 -8280 ) (6144 2048 6776 ) (5120 2048 6776 ) (5120 2048 -8280 ) 
4 38 40 (6517 1024 6776 ) (6144 1024 6776 ) (6144 1024 -8280 ) (6517 1024 -8280 ) 
4 38 39 (6144 1024 -8280 ) (6144 1024 6776 ) (6144 2048 6776 ) (6144 2048 -8280 ) 
4 39 56 (5120 1024 -8280 ) (5120 1024 6776 ) (5120 2048 6776 ) (5120 2048 -8280 ) 
4 39 41 (5120 1024 6776 ) (5120 1024 -8280 ) (6144 1024 -8280 ) (6144 1024 6776 ) 
4 40 143 (6517 0 6776 ) (6144 0 6776 ) (6144 0 -8280 ) (6517 0 -8280 ) 
4 40 41 (6144 1024 6776 ) (6144 1024 -8280 ) (6144 0 -8280 ) (6144 0 6776 ) 
4 41 144 (6144 0 -8280 ) (6144 0 6776 ) (5120 0 6776 ) (5120 0 -8280 ) 
4 41 58 (5120 0 -8280 ) (5120 0 6776 ) (5120 1024 6776 ) (5120 1024 -8280 ) 
4 42 44 (5120 5120 -8280 ) (5120 5120 6776 ) (4096 5120 6776 ) (4096 5120 -8280 ) 
4 42 43 (4096 6144 6776 ) (4096 6144 -8280 ) (4096 5120 -8280 ) (4096 5120 6776 ) 
4 43 48 (3072 6144 6776 ) (3072 6144 -8280 ) (3072 5120 -8280 ) (3072 5120 6776 ) 
4 43 45 (4096 5120 -8280 ) (4096 5120 6776 ) (3072 5120 6776 ) (3072 5120 -8280 ) 
4 44 46 (5120 4096 -8280 ) (5120 4096 6776 ) (4096 4096 6776 ) (4096 4096 -8280 ) 
4 44 45 (4096 4096 -8280 ) (4096 4096 6776 ) (4096 5120 6776 ) (4096 5120 -8280 ) 
4 45 50 (3072 4096 -8280 ) (3072 4096 6776 ) (3072 5120 6776 ) (3072 5120 -8280 ) 
4 45 47 (3072 4096 6776 ) (3072 4096 -8280 ) (4096 4096 -8280 ) (4096 4096 6776 ) 
4 46 54 (5120 3072 -8280 ) (5120 3072 6776 ) (4096 3072 6776 ) (4096 3072 -8280 ) 
4 46 47 (4096 4096 6776 ) (4096 4096 -8280 ) (4096 3072 -8280 ) (4096 3072 6776 ) 
4 47 55 (4096 3072 -8280 ) (4096 3072 6776 ) (3072 3072 6776 ) (3072 3072 -8280 ) 
4 47 52 (3072 3072 -8280 ) (3072 3072 6776 ) (3072 4096 6776 ) (3072 4096 -8280 ) 
4 48 50 (3072 5120 -8280 ) (3072 5120 6776 ) (2048 5120 6776 ) (2048 5120 -8280 ) 
4 48 49 (2048 6144 6776 ) (2048 6144 -8280 ) (2048 5120 -8280 ) (2048 5120 6776 ) 
4 49 101 (1024 5120 -8280 ) (1024 5120 6776 ) (1024 6144 6776 ) (1024 6144 -8280 ) 
4 49 51 (2048 5120 -8280 ) (2048 5120 6776 ) (1024 5120 6776 ) (1024 5120 -8280 ) 
4 50 52 (3072 4096 -8280 ) (3072 4096 6776 ) (2048 4096 6776 ) (2048 4096 -8280 ) 
4 50 51 (2048 4096 -8280 ) (2048 4096 6776 ) (2048 5120 6776 ) (2048 5120 -8280 ) 
4 51 103 (1024 4096 -8280 ) (1024 4096 6776 ) (1024 5120 6776 ) (1024 5120 -8280 ) 
4 51 53 (1024 4096 6776 ) (1024 4096 -8280 ) (2048 4096 -8280 ) (2048 4096 6776 ) 
4 52 60 (3072 3072 -8280 ) (3072 3072 6776 ) (2048 3072 6776 ) (2048 3072 -8280 ) 
4 52 53 (2048 4096 6776 ) (2048 4096 -8280 ) (2048 3072 -8280 ) (2048 3072 6776 ) 
4 53 105 (1024 3072 -8280 ) (1024 3072 6776 ) (1024 4096 6776 ) (1024 4096 -8280 ) 
4 53 61 (2048 3072 -8280 ) (2048 3072 6776 ) (1024 3072 6776 ) (1024 3072 -8280 ) 
4 54 56 (5120 2048 -8280 ) (5120 2048 6776 ) (4096 2048 6776 ) (4096 2048 -8280 ) 
4 54 55 (4096 3072 6776 ) (4096 3072 -8280 ) (4096 2048 -8280 ) (4096 2048 6776 ) 
4 55 60 (3072 3072 6776 ) (3072 3072 -8280 ) (3072 2048 -8280 ) (3072 2048 6776 ) 
4 55 57 (4096 2048 -8280 ) (4096 2048 6776 ) (3072 2048 6776 ) (3072 2048 -8280 ) 
4 56 58 (5120 1024 -8280 ) (5120 1024 6776 ) (4096 1024 6776 ) (4096 1024 -8280 ) 
4 56 57 (4096 1024 -8280 ) (4096 1024 6776 ) (4096 2048 6776 ) (4096 2048 -8280 ) 
4 57 62 (3072 1024 -8280 ) (3072 1024 6776 ) (3072 2048 6776 ) (3072 2048 -8280 ) 
4 57 59 (3072 1024 6776 ) (3072 1024 -8280 ) (4096 1024 -8280 ) (4096 1024 6776 ) 
4 58 155 (5120 0 -8280 ) (5120 0 6776 ) (4096 0 6776 ) (4096 0 -8280 ) 
4 58 59 (4096 1024 6776 ) (4096 1024 -8280 ) (4096 0 -8280 ) (4096 0 6776 ) 
4 59 156 (4096 0 -8280 ) (4096 0 6776 ) (3072 0 6776 ) (3072 0 -8280 ) 
4 59 64 (3072 0 -8280 ) (3072 0 6776 ) (3072 1024 6776 ) (3072 1024 -8280 ) 
4 60 62 (3072 2048 -8280 ) (3072 2048 6776 ) (2048 2048 6776 ) (2048 2048 -8280 ) 
4 60 61 (2048 3072 6776 ) (2048 3072 -8280 ) (2048 2048 -8280 ) (2048 2048 6776 ) 
4 61 113 (1024 2048 -8280 ) (1024 2048 6776 ) (1024 3072 6776 ) (1024 3072 -8280 ) 
4 61 63 (2048 2048 -8280 ) (2048 2048 6776 ) (1024 2048 6776 ) (1024 2048 -8280 ) 
4 62 64 (3072 1024 -8280 ) (3072 1024 6776 ) (2048 1024 6776 ) (2048 1024 -8280 ) 
4 62 63 (2048 1024 -8280 ) (2048 1024 6776 ) (2048 2048 6776 ) (2048 2048 -8280 ) 
4 63 115 (1024 1024 -8280 ) (1024 1024 6776 ) (1024 2048 6776 ) (1024 2048 -8280 ) 
4 63 65 (1024 1024 6776 ) (1024 1024 -8280 ) (2048 1024 -8280 ) (2048 1024 6776 ) 
4 64 161 (3072 0 -8280 ) (3072 0 6776 ) (2048 0 6776 ) (2048 0 -8280 ) 
4 64 65 (2048 1024 6776 ) (2048 1024 -8280 ) (2048 0 -8280 ) (2048 0 6776 ) 
4 65 162 (2048 0 -8280 ) (2048 0 6776 ) (1024 0 6776 ) (1024 0 -8280 ) 
4 65 117 (1024 0 -8280 ) (1024 0 6776 ) (1024 1024 6776 ) (1024 1024 -8280 ) 
4 66 68 (1024 10240 -8280 ) (1024 10240 6776 ) (0 10240 6776 ) (0 10240 -8280 ) 
4 66 67 (0 10288 -8280 ) (0 10240 -8280 ) (0 10240 6776 ) (0 10288 6776 ) 
4 67 70 (-1024 10240 -8280 ) (-1024 10240 6776 ) (-1024 10288 6776 ) (-1024 10288 -8280 ) 
4 67 69 (-1024 10240 6776 ) (-1024 10240 -8280 ) (0 10240 -8280 ) (0 10240 6776 ) 
4 68 74 (1024 9216 -8280 ) (1024 9216 6776 ) (0 9216 6776 ) (0 9216 -8280 ) 
4 68 69 (0 10240 6776 ) (0 10240 -8280 ) (0 9216 -8280 ) (0 9216 6776 ) 
4 69 75 (0 9216 -8280 ) (0 9216 6776 ) (-1024 9216 6776 ) (-1024 9216 -8280 ) 
4 69 72 (-1024 9216 -8280 ) (-1024 9216 6776 ) (-1024 10240 6776 ) (-1024 10240 -8280 ) 
4 70 72 (-1024 10240 -8280 ) (-1024 10240 6776 ) (-2048 10240 6776 ) (-2048 10240 -8280 ) 
4 70 71 (-2048 10288 -8280 ) (-2048 10240 -8280 ) (-2048 10240 6776 ) (-2048 10288 6776 ) 
4 71 86 (-3072 10240 -8280 ) (-3072 10240 6776 ) (-3072 10288 6776 ) (-3072 10288 -8280 ) 
4 71 73 (-3072 10240 6776 ) (-3072 10240 -8280 ) (-2048 10240 -8280 ) (-2048 10240 6776 ) 
4 72 80 (-1024 9216 -8280 ) (-1024 9216 6776 ) (-2048 9216 6776 ) (-2048 9216 -8280 ) 
4 72 73 (-2048 10240 6776 ) (-2048 10240 -8280 ) (-2048 9216 -8280 ) (-2048 9216 6776 ) 
4 73 88 (-3072 9216 -8280 ) (-3072 9216 6776 ) (-3072 10240 6776 ) (-3072 10240 -8280 ) 
4 73 81 (-2048 9216 -8280 ) (-2048 9216 6776 ) (-3072 9216 6776 ) (-3072 9216 -8280 ) 
4 74 76 (1024 8192 -8280 ) (1024 8192 6776 ) (0 8192 6776 ) (0 8192 -8280 ) 
4 74 75 (0 9216 6776 ) (0 9216 -8280 ) (0 8192 -8280 ) (0 8192 6776 ) 
4 75 80 (-1024 9216 6776 ) (-1024 9216 -8280 ) (-1024 8192 -8280 ) (-1024 8192 6776 ) 
4 75 77 (0 8192 -8280 ) (0 8192 6776 ) (-1024 8192 6776 ) (-1024 8192 -8280 ) 
4 76 78 (1024 7168 -8280 ) (1024 7168 6776 ) (0 7168 6776 ) (0 7168 -8280 ) 
4 76 77 (0 7168 -8280 ) (0 7168 6776 ) (0 8192 6776 ) (0 8192 -8280 ) 
4 77 82 (-1024 7168 -8280 ) (-1024 7168 6776 ) (-1024 8192 6776 ) (-1024 8192 -8280 ) 
4 77 79 (-1024 7168 6776 ) (-1024 7168 -8280 ) (0 7168 -8280 ) (0 7168 6776 ) 
4 78 101 (1024 6144 -8280 ) (1024 6144 6776 ) (0 6144 6776 ) (0 6144 -8280 ) 
4 78 79 (0 7168 6776 ) (0 7168 -8280 ) (0 6144 -8280 ) (0 6144 6776 ) 
4 79 102 (0 6144 -8280 ) (0 6144 6776 ) (-1024 6144 6776 ) (-1024 6144 -8280 ) 
4 79 84 (-1024 6144 -8280 ) (-1024 6144 6776 ) (-1024 7168 6776 ) (-1024 7168 -8280 ) 
4 80 82 (-1024 8192 -8280 ) (-1024 8192 6776 ) (-2048 8192 6776 ) (-2048 8192 -8280 ) 
4 80 81 (-2048 9216 6776 ) (-2048 9216 -8280 ) (-2048 8192 -8280 ) (-2048 8192 6776 ) 
4 81 92 (-3072 8192 -8280 ) (-3072 8192 6776 ) (-3072 9216 6776 ) (-3072 9216 -8280 ) 
4 81 83 (-2048 8192 -8280 ) (-2048 8192 6776 ) (-3072 8192 6776 ) (-3072 8192 -8280 ) 
4 82 84 (-1024 7168 -8280 ) (-1024 7168 6776 ) (-2048 7168 6776 ) (-2048 7168 -8280 ) 
4 82 83 (-2048 7168 -8280 ) (-2048 7168 6776 ) (-2048 8192 6776 ) (-2048 8192 -8280 ) 
4 83 94 (-3072 7168 -8280 ) (-3072 7168 6776 ) (-3072 8192 6776 ) (-3072 8192 -8280 ) 
4 83 85 (-3072 7168 6776 ) (-3072 7168 -8280 ) (-2048 7168 -8280 ) (-2048 7168 6776 ) 
4 84 107 (-1024 6144 -8280 ) (-1024 6144 6776 ) (-2048 6144 6776 ) (-2048 6144 -8280 ) 
4 84 85 (-2048 7168 6776 ) (-2048 7168 -8280 ) (-2048 6144 -8280 ) (-2048 6144 6776 ) 
4 85 108 (-2048 6144 -8280 ) (-2048 6144 6776 ) (-3072 6144 6776 ) (-3072 6144 -8280 ) 
4 85 96 (-3072 6144 -8280 ) (-3072 6144 6776 ) (-3072 7168 6776 ) (-3072 7168 -8280 ) 
4 86 88 (-3072 10240 -8280 ) (-3072 10240 6776 ) (-4096 10240 6776 ) (-4096 10240 -8280 ) 
4 86 87 (-4096 10288 -8280 ) (-4096 10240 -8280 ) (-4096 10240 6776 ) (-4096 10288 6776 ) 
4 87 90 (-5120 10240 -8280 ) (-5120 10240 6776 ) (-5120 10288 6776 ) (-5120 10288 -8280 ) 
4 87 89 (-5120 10240 6776 ) (-5120 10240 -8280 ) (-4096 10240 -8280 ) (-4096 10240 6776 ) 
4 88 92 (-3072 9216 -8280 ) (-3072 9216 6776 ) (-4096 9216 6776 ) (-4096 9216 -8280 ) 
4 88 89 (-4096 10240 6776 ) (-4096 10240 -8280 ) (-4096 9216 -8280 ) (-4096 9216 6776 ) 
4 89 93 (-4096 9216 -8280 ) (-4096 9216 6776 ) (-5120 9216 6776 ) (-5120 9216 -8280 ) 
4 89 91 (-5120 9216 -8280 ) (-5120 9216 6776 ) (-5120 10240 6776 ) (-5120 10240 -8280 ) 
4 90 91 (-5120 10240 -8280 ) (-5120 10240 6776 ) (-5733 10240 6776 ) (-5733 10240 -8280 ) 
4 91 98 (-5120 9216 -8280 ) (-5120 9216 6776 ) (-5733 9216 6776 ) (-5733 9216 -8280 ) 
4 92 94 (-3072 8192 -8280 ) (-3072 8192 6776 ) (-4096 8192 6776 ) (-4096 8192 -8280 ) 
4 92 93 (-4096 9216 6776 ) (-4096 9216 -8280 ) (-4096 8192 -8280 ) (-4096 8192 6776 ) 
4 93 98 (-5120 9216 6776 ) (-5120 9216 -8280 ) (-5120 8192 -8280 ) (-5120 8192 6776 ) 
4 93 95 (-4096 8192 -8280 ) (-4096 8192 6776 ) (-5120 8192 6776 ) (-5120 8192 -8280 ) 
4 94 96 (-3072 7168 -8280 ) (-3072 7168 6776 ) (-4096 7168 6776 ) (-4096 7168 -8280 ) 
4 94 95 (-4096 7168 -8280 ) (-4096 7168 6776 ) (-4096 8192 6776 ) (-4096 8192 -8280 ) 
4 95 99 (-5120 7168 -8280 ) (-5120 7168 6776 ) (-5120 8192 6776 ) (-5120 8192 -8280 ) 
4 95 97 (-5120 7168 6776 ) (-5120 7168 -8280 ) (-4096 7168 -8280 ) (-4096 7168 6776 ) 
4 96 125 (-3072 6144 -8280 ) (-3072 6144 6776 ) (-4096 6144 6776 ) (-4096 6144 -8280 ) 
4 96 97 (-4096 7168 6776 ) (-4096 7168 -8280 ) (-4096 6144 -8280 ) (-4096 6144 6776 ) 
4 97 126 (-4096 6144 -8280 ) (-4096 6144 6776 ) (-5120 6144 6776 ) (-5120 6144 -8280 ) 
4 97 100 (-5120 6144 -8280 ) (-5120 6144 6776 ) (-5120 7168 6776 ) (-5120 7168 -8280 ) 
4 98 99 (-5120 8192 -8280 ) (-5120 8192 6776 ) (-5733 8192 6776 ) (-5733 8192 -8280 ) 
4 99 100 (-5120 7168 -8280 ) (-5120 7168 6776 ) (-5733 7168 6776 ) (-5733 7168 -8280 ) 
4 100 131 (-5120 6144 -8280 ) (-5120 6144 6776 ) (-5733 6144 6776 ) (-5733 6144 -8280 ) 
4 101 103 (1024 5120 -8280 ) (1024 5120 6776 ) (0 5120 6776 ) (0 5120 -8280 ) 
4 101 102 (0 6144 6776 ) (0 6144 -8280 ) (0 5120 -8280 ) (0 5120 6776 ) 
4 102 107 (-1024 6144 6776 ) (-1024 6144 -8280 ) (-1024 5120 -8280 ) (-1024 5120 6776 ) 
4 102 104 (0 5120 -8280 ) (0 5120 6776 ) (-1024 5120 6776 ) (-1024 5120 -8280 ) 
4 103 105 (1024 4096 -8280 ) (1024 4096 6776 ) (0 4096 6776 ) (0 4096 -8280 ) 
4 103 104 (0 4096 -8280 ) (0 4096 6776 ) (0 5120 6776 ) (0 5120 -8280 ) 
4 104 109 (-1024 4096 -8280 ) (-1024 4096 6776 ) (-1024 5120 6776 ) (-1024 5120 -8280 ) 
4 104 106 (-1024 4096 6776 ) (-1024 4096 -8280 ) (0 4096 -8280 ) (0 4096 6776 ) 
4 105 113 (1024 3072 -8280 ) (1024 3072 6776 ) (0 3072 6776 ) (0 3072 -8280 ) 
4 105 106 (0 4096 6776 ) (0 4096 -8280 ) (0 3072 -8280 ) (0 3072 6776 ) 
4 106 114 (0 3072 -8280 ) (0 3072 6776 ) (-1024 3072 6776 ) (-1024 3072 -8280 ) 
4 106 111 (-1024 3072 -8280 ) (-1024 3072 6776 ) (-1024 4096 6776 ) (-1024 4096 -8280 ) 
4 107 109 (-1024 5120 -8280 ) (-1024 5120 6776 ) (-2048 5120 6776 ) (-2048 5120 -8280 ) 
4 107 108 (-2048 6144 6776 ) (-2048 6144 -8280 ) (-2048 5120 -8280 ) (-2048 5120 6776 ) 
4 108 125 (-3072 6144 6776 ) (-3072 6144 -8280 ) (-3072 5120 -8280 ) (-3072 5120 6776 ) 
4 108 110 (-2048 5120 -8280 ) (-2048 5120 6776 ) (-3072 5120 6776 ) (-3072 5120 -8280 ) 
4 109 111 (-1024 4096 -8280 ) (-1024 4096 6776 ) (-2048 4096 6776 ) (-2048 4096 -8280 ) 
4 109 110 (-2048 4096 -8280 ) (-2048 4096 6776 ) (-2048 5120 6776 ) (-2048 5120 -8280 ) 
4 110 127 (-3072 4096 -8280 ) (-3072 4096 6776 ) (-3072 5120 6776 ) (-3072 5120 -8280 ) 
4 110 112 (-3072 4096 6776 ) (-3072 4096 -8280 ) (-2048 4096 -8280 ) (-2048 4096 6776 ) 
4 111 119 (-1024 3072 -8280 ) (-1024 3072 6776 ) (-2048 3072 6776 ) (-2048 3072 -8280 ) 
4 111 112 (-2048 4096 6776 ) (-2048 4096 -8280 ) (-2048 3072 -8280 ) (-2048 3072 6776 ) 
4 112 129 (-3072 3072 -8280 ) (-3072 3072 6776 ) (-3072 4096 6776 ) (-3072 4096 -8280 ) 
4 112 120 (-2048 3072 -8280 ) (-2048 3072 6776 ) (-3072 3072 6776 ) (-3072 3072 -8280 ) 
4 113 115 (1024 2048 -8280 ) (1024 2048 6776 ) (0 2048 6776 ) (0 2048 -8280 ) 
4 113 114 (0 3072 6776 ) (0 3072 -8280 ) (0 2048 -8280 ) (0 2048 6776 ) 
4 114 119 (-1024 3072 6776 ) (-1024 3072 -8280 ) (-1024 2048 -8280 ) (-1024 2048 6776 ) 
4 114 116 (0 2048 -8280 ) (0 2048 6776 ) (-1024 2048 6776 ) (-1024 2048 -8280 ) 
4 115 117 (1024 1024 -8280 ) (1024 1024 6776 ) (0 1024 6776 ) (0 1024 -8280 ) 
4 115 116 (0 1024 -8280 ) (0 1024 6776 ) (0 2048 6776 ) (0 2048 -8280 ) 
4 116 121 (-1024 1024 -8280 ) (-1024 1024 6776 ) (-1024 2048 6776 ) (-1024 2048 -8280 ) 
4 116 118 (-1024 1024 6776 ) (-1024 1024 -8280 ) (0 1024 -8280 ) (0 1024 6776 ) 
4 117 203 (1024 0 -8280 ) (1024 0 6776 ) (0 0 6776 ) (0 0 -8280 ) 
4 117 118 (0 1024 6776 ) (0 1024 -8280 ) (0 0 -8280 ) (0 0 6776 ) 
4 118 204 (0 0 -8280 ) (0 0 6776 ) (-1024 0 6776 ) (-1024 0 -8280 ) 
4 118 123 (-1024 0 -8280 ) (-1024 0 6776 ) (-1024 1024 6776 ) (-1024 1024 -8280 ) 
4 119 121 (-1024 2048 -8280 ) (-1024 2048 6776 ) (-2048 2048 6776 ) (-2048 2048 -8280 ) 
4 119 120 (-2048 3072 6776 ) (-2048 3072 -8280 ) (-2048 2048 -8280 ) (-2048 2048 6776 ) 
4 120 134 (-3072 2048 -8280 ) (-3072 2048 6776 ) (-3072 3072 6776 ) (-3072 3072 -8280 ) 
4 120 122 (-2048 2048 -8280 ) (-2048 2048 6776 ) (-3072 2048 6776 ) (-3072 2048 -8280 ) 
4 121 123 (-1024 1024 -8280 ) (-1024 1024 6776 ) (-2048 1024 6776 ) (-2048 1024 -8280 ) 
4 121 122 (-2048 1024 -8280 ) (-2048 1024 6776 ) (-2048 2048 6776 ) (-2048 2048 -8280 ) 
4 122 136 (-3072 1024 -8280 ) (-3072 1024 6776 ) (-3072 2048 6776 ) (-3072 2048 -8280 ) 
4 122 124 (-3072 1024 6776 ) (-3072 1024 -8280 ) (-2048 1024 -8280 ) (-2048 1024 6776 ) 
4 123 209 (-1024 0 -8280 ) (-1024 0 6776 ) (-2048 0 6776 ) (-2048 0 -8280 ) 
4 123 124 (-2048 1024 6776 ) (-2048 1024 -8280 ) (-2048 0 -8280 ) (-2048 0 6776 ) 
4 124 210 (-2048 0 -8280 ) (-2048 0 6776 ) (-3072 0 6776 ) (-3072 0 -8280 ) 
4 124 138 (-3072 0 -8280 ) (-3072 0 6776 ) (-3072 1024 6776 ) (-3072 1024 -8280 ) 
4 125 127 (-3072 5120 -8280 ) (-3072 5120 6776 ) (-4096 5120 6776 ) (-4096 5120 -8280 ) 
4 125 126 (-4096 6144 6776 ) (-4096 6144 -8280 ) (-4096 5120 -8280 ) (-4096 5120 6776 ) 
4 126 131 (-5120 6144 6776 ) (-5120 6144 -8280 ) (-5120 5120 -8280 ) (-5120 5120 6776 ) 
4 126 128 (-4096 5120 -8280 ) (-4096 5120 6776 ) (-5120 5120 6776 ) (-5120 5120 -8280 ) 
4 127 129 (-3072 4096 -8280 ) (-3072 4096 6776 ) (-4096 4096 6776 ) (-4096 4096 -8280 ) 
4 127 128 (-4096 4096 -8280 ) (-4096 4096 6776 ) (-4096 5120 6776 ) (-4096 5120 -8280 ) 
4 128 132 (-5120 4096 -8280 ) (-5120 4096 6776 ) (-5120 5120 6776 ) (-5120 5120 -8280 ) 
4 128 130 (-5120 4096 6776 ) (-5120 4096 -8280 ) (-4096 4096 -8280 ) (-4096 4096 6776 ) 
4 129 134 (-3072 3072 -8280 ) (-3072 3072 6776 ) (-4096 3072 6776 ) (-4096 3072 -8280 ) 
4 129 130 (-4096 4096 6776 ) (-4096 4096 -8280 ) (-4096 3072 -8280 ) (-4096 3072 6776 ) 
4 130 135 (-4096 3072 -8280 ) (-4096 3072 6776 ) (-5120 3072 6776 ) (-5120 3072 -8280 ) 
4 130 133 (-5120 3072 -8280 ) (-5120 3072 6776 ) (-5120 4096 6776 ) (-5120 4096 -8280 ) 
4 131 132 (-5120 5120 -8280 ) (-5120 5120 6776 ) (-5733 5120 6776 ) (-5733 5120 -8280 ) 
4 132 133 (-5120 4096 -8280 ) (-5120 4096 6776 ) (-5733 4096 6776 ) (-5733 4096 -8280 ) 
4 133 140 (-5120 3072 -8280 ) (-5120 3072 6776 ) (-5733 3072 6776 ) (-5733 3072 -8280 ) 
4 134 136 (-3072 2048 -8280 ) (-3072 2048 6776 ) (-4096 2048 6776 ) (-4096 2048 -8280 ) 
4 134 135 (-4096 3072 6776 ) (-4096 3072 -8280 ) (-4096 2048 -8280 ) (-4096 2048 6776 ) 
4 135 140 (-5120 3072 6776 ) (-5120 3072 -8280 ) (-5120 2048 -8280 ) (-5120 2048 6776 ) 
4 135 137 (-4096 2048 -8280 ) (-4096 2048 6776 ) (-5120 2048 6776 ) (-5120 2048 -8280 ) 
4 136 138 (-3072 1024 -8280 ) (-3072 1024 6776 ) (-4096 1024 6776 ) (-4096 1024 -8280 ) 
4 136 137 (-4096 1024 -8280 ) (-4096 1024 6776 ) (-4096 2048 6776 ) (-4096 2048 -8280 ) 
4 137 141 (-5120 1024 -8280 ) (-5120 1024 6776 ) (-5120 2048 6776 ) (-5120 2048 -8280 ) 
4 137 139 (-5120 1024 6776 ) (-5120 1024 -8280 ) (-4096 1024 -8280 ) (-4096 1024 6776 ) 
4 138 227 (-3072 0 -8280 ) (-3072 0 6776 ) (-4096 0 6776 ) (-4096 0 -8280 ) 
4 138 139 (-4096 1024 6776 ) (-4096 1024 -8280 ) (-4096 0 -8280 ) (-4096 0 6776 ) 
4 139 228 (-4096 0 -8280 ) (-4096 0 6776 ) (-5120 0 6776 ) (-5120 0 -8280 ) 
4 139 142 (-5120 0 -8280 ) (-5120 0 6776 ) (-5120 1024 6776 ) (-5120 1024 -8280 ) 
4 140 141 (-5120 2048 -8280 ) (-5120 2048 6776 ) (-5733 2048 6776 ) (-5733 2048 -8280 ) 
4 141 142 (-5120 1024 -8280 ) (-5120 1024 6776 ) (-5733 1024 6776 ) (-5733 1024 -8280 ) 
4 142 233 (-5120 0 -8280 ) (-5120 0 6776 ) (-5733 0 6776 ) (-5733 0 -8280 ) 
4 143 145 (6517 -1024 6776 ) (6144 -1024 6776 ) (6144 -1024 -8280 ) (6517 -1024 -8280 ) 
4 143 144 (6144 0 6776 ) (6144 0 -8280 ) (6144 -1024 -8280 ) (6144 -1024 6776 ) 
4 144 155 (5120 0 6776 ) (5120 0 -8280 ) (5120 -1024 -8280 ) (5120 -1024 6776 ) 
4 144 146 (6144 -1024 -8280 ) (6144 -1024 6776 ) (5120 -1024 6776 ) (5120 -1024 -8280 ) 
4 145 147 (6517 -2048 6776 ) (6144 -2048 6776 ) (6144 -2048 -8280 ) (6517 -2048 -8280 ) 
4 145 146 (6144 -2048 -8280 ) (6144 -2048 6776 ) (6144 -1024 6776 ) (6144 -1024 -8280 ) 
4 146 157 (5120 -2048 -8280 ) (5120 -2048 6776 ) (5120 -1024 6776 ) (5120 -1024 -8280 ) 
4 146 148 (5120 -2048 6776 ) (5120 -2048 -8280 ) (6144 -2048 -8280 ) (6144 -2048 6776 ) 
4 147 149 (6517 -3072 6776 ) (6144 -3072 6776 ) (6144 -3072 -8280 ) (6517 -3072 -8280 ) 
4 147 148 (6144 -2048 6776 ) (6144 -2048 -8280 ) (6144 -3072 -8280 ) (6144 -3072 6776 ) 
4 148 159 (5120 -3072 -8280 ) (5120 -3072 6776 ) (5120 -2048 6776 ) (5120 -2048 -8280 ) 
4 148 150 (6144 -3072 -8280 ) (6144 -3072 6776 ) (5120 -3072 6776 ) (5120 -3072 -8280 ) 
4 149 151 (6517 -4096 6776 ) (6144 -4096 6776 ) (6144 -4096 -8280 ) (6517 -4096 -8280 ) 
4 149 150 (6144 -3072 6776 ) (6144 -3072 -8280 ) (6144 -4096 -8280 ) (6144 -4096 6776 ) 
4 150 167 (5120 -4096 -8280 ) (5120 -4096 6776 ) (5120 -3072 6776 ) (5120 -3072 -8280 ) 
4 150 152 (6144 -4096 -8280 ) (6144 -4096 6776 ) (5120 -4096 6776 ) (5120 -4096 -8280 ) 
4 151 153 (6517 -5120 6776 ) (6144 -5120 6776 ) (6144 -5120 -8280 ) (6517 -5120 -8280 ) 
4 151 152 (6144 -5120 -8280 ) (6144 -5120 6776 ) (6144 -4096 6776 ) (6144 -4096 -8280 ) 
4 152 169 (5120 -5120 -8280 ) (5120 -5120 6776 ) (5120 -4096 6776 ) (5120 -4096 -8280 ) 
4 152 154 (5120 -5120 6776 ) (5120 -5120 -8280 ) (6144 -5120 -8280 ) (6144 -5120 6776 ) 
4 153 179 (6517 -6144 6776 ) (6144 -6144 6776 ) (6144 -6144 -8280 ) (6517 -6144 -8280 ) 
4 153 154 (6144 -5120 6776 ) (6144 -5120 -8280 ) (6144 -6144 -8280 ) (6144 -6144 6776 ) 
4 154 180 (6144 -6144 -8280 ) (6144 -6144 6776 ) (5120 -6144 6776 ) (5120 -6144 -8280 ) 
4 154 171 (5120 -6144 -8280 ) (5120 -6144 6776 ) (5120 -5120 6776 ) (5120 -5120 -8280 ) 
4 155 157 (5120 -1024 -8280 ) (5120 -1024 6776 ) (4096 -1024 6776 ) (4096 -1024 -8280 ) 
4 155 156 (4096 0 6776 ) (4096 0 -8280 ) (4096 -1024 -8280 ) (4096 -1024 6776 ) 
4 156 161 (3072 0 6776 ) (3072 0 -8280 ) (3072 -1024 -8280 ) (3072 -1024 6776 ) 
4 156 158 (4096 -1024 -8280 ) (4096 -1024 6776 ) (3072 -1024 6776 ) (3072 -1024 -8280 ) 
4 157 159 (5120 -2048 -8280 ) (5120 -2048 6776 ) (4096 -2048 6776 ) (4096 -2048 -8280 ) 
4 157 158 (4096 -2048 -8280 ) (4096 -2048 6776 ) (4096 -1024 6776 ) (4096 -1024 -8280 ) 
4 158 163 (3072 -2048 -8280 ) (3072 -2048 6776 ) (3072 -1024 6776 ) (3072 -1024 -8280 ) 
4 158 160 (3072 -2048 6776 ) (3072 -2048 -8280 ) (4096 -2048 -8280 ) (4096 -2048 6776 ) 
4 159 167 (5120 -3072 -8280 ) (5120 -3072 6776 ) (4096 -3072 6776 ) (4096 -3072 -8280 ) 
4 159 160 (4096 -2048 6776 ) (4096 -2048 -8280 ) (4096 -3072 -8280 ) (4096 -3072 6776 ) 
4 160 168 (4096 -3072 -8280 ) (4096 -3072 6776 ) (3072 -3072 6776 ) (3072 -3072 -8280 ) 
4 160 165 (3072 -3072 -8280 ) (3072 -3072 6776 ) (3072 -2048 6776 ) (3072 -2048 -8280 ) 
4 161 163 (3072 -1024 -8280 ) (3072 -1024 6776 ) (2048 -1024 6776 ) (2048 -1024 -8280 ) 
4 161 162 (2048 0 6776 ) (2048 0 -8280 ) (2048 -1024 -8280 ) (2048 -1024 6776 ) 
4 162 203 (1024 0 6776 ) (1024 0 -8280 ) (1024 -1024 -8280 ) (1024 -1024 6776 ) 
4 162 164 (2048 -1024 -8280 ) (2048 -1024 6776 ) (1024 -1024 6776 ) (1024 -1024 -8280 ) 
4 163 165 (3072 -2048 -8280 ) (3072 -2048 6776 ) (2048 -2048 6776 ) (2048 -2048 -8280 ) 
4 163 164 (2048 -2048 -8280 ) (2048 -2048 6776 ) (2048 -1024 6776 ) (2048 -1024 -8280 ) 
4 164 205 (1024 -2048 -8280 ) (1024 -2048 6776 ) (1024 -1024 6776 ) (1024 -1024 -8280 ) 
4 164 166 (1024 -2048 6776 ) (1024 -2048 -8280 ) (2048 -2048 -8280 ) (2048 -2048 6776 ) 
4 165 173 (3072 -3072 -8280 ) (3072 -3072 6776 ) (2048 -3072 6776 ) (2048 -3072 -8280 ) 
4 165 166 (2048 -2048 6776 ) (2048 -2048 -8280 ) (2048 -3072 -8280 ) (2048 -3072 6776 ) 
4 166 207 (1024 -3072 -8280 ) (1024 -3072 6776 ) (1024 -2048 6776 ) (1024 -2048 -8280 ) 
4 166 174 (2048 -3072 -8280 ) (2048 -3072 6776 ) (1024 -3072 6776 ) (1024 -3072 -8280 ) 
4 167 169 (5120 -4096 -8280 ) (5120 -4096 6776 ) (4096 -4096 6776 ) (4096 -4096 -8280 ) 
4 167 168 (4096 -3072 6776 ) (4096 -3072 -8280 ) (4096 -4096 -8280 ) (4096 -4096 6776 ) 
4 168 173 (3072 -3072 6776 ) (3072 -3072 -8280 ) (3072 -4096 -8280 ) (3072 -4096 6776 ) 
4 168 170 (4096 -4096 -8280 ) (4096 -4096 6776 ) (3072 -4096 6776 ) (3072 -4096 -8280 ) 
4 169 171 (5120 -5120 -8280 ) (5120 -5120 6776 ) (4096 -5120 6776 ) (4096 -5120 -8280 ) 
4 169 170 (4096 -5120 -8280 ) (4096 -5120 6776 ) (4096 -4096 6776 ) (4096 -4096 -8280 ) 
4 170 175 (3072 -5120 -8280 ) (3072 -5120 6776 ) (3072 -4096 6776 ) (3072 -4096 -8280 ) 
4 170 172 (3072 -5120 6776 ) (3072 -5120 -8280 ) (4096 -5120 -8280 ) (4096 -5120 6776 ) 
4 171 187 (5120 -6144 -8280 ) (5120 -6144 6776 ) (4096 -6144 6776 ) (4096 -6144 -8280 ) 
4 171 172 (4096 -5120 6776 ) (4096 -5120 -8280 ) (4096 -6144 -8280 ) (4096 -6144 6776 ) 
4 172 188 (4096 -6144 -8280 ) (4096 -6144 6776 ) (3072 -6144 6776 ) (3072 -6144 -8280 ) 
4 172 177 (3072 -6144 -8280 ) (3072 -6144 6776 ) (3072 -5120 6776 ) (3072 -5120 -8280 ) 
4 173 175 (3072 -4096 -8280 ) (3072 -4096 6776 ) (2048 -4096 6776 ) (2048 -4096 -8280 ) 
4 173 174 (2048 -3072 6776 ) (2048 -3072 -8280 ) (2048 -4096 -8280 ) (2048 -4096 6776 ) 
4 174 215 (1024 -4096 -8280 ) (1024 -4096 6776 ) (1024 -3072 6776 ) (1024 -3072 -8280 ) 
4 174 176 (2048 -4096 -8280 ) (2048 -4096 6776 ) (1024 -4096 6776 ) (1024 -4096 -8280 ) 
4 175 177 (3072 -5120 -8280 ) (3072 -5120 6776 ) (2048 -5120 6776 ) (2048 -5120 -8280 ) 
4 175 176 (2048 -5120 -8280 ) (2048 -5120 6776 ) (2048 -4096 6776 ) (2048 -4096 -8280 ) 
4 176 217 (1024 -5120 -8280 ) (1024 -5120 6776 ) (1024 -4096 6776 ) (1024 -4096 -8280 ) 
4 176 178 (1024 -5120 6776 ) (1024 -5120 -8280 ) (2048 -5120 -8280 ) (2048 -5120 6776 ) 
4 177 193 (3072 -6144 -8280 ) (3072 -6144 6776 ) (2048 -6144 6776 ) (2048 -6144 -8280 ) 
4 177 178 (2048 -5120 6776 ) (2048 -5120 -8280 ) (2048 -6144 -8280 ) (2048 -6144 6776 ) 
4 178 219 (1024 -6144 -8280 ) (1024 -6144 6776 ) (1024 -5120 6776 ) (1024 -5120 -8280 ) 
4 178 194 (2048 -6144 -8280 ) (2048 -6144 6776 ) (1024 -6144 6776 ) (1024 -6144 -8280 ) 
4 179 181 (6517 -7168 6776 ) (6144 -7168 6776 ) (6144 -7168 -8280 ) (6517 -7168 -8280 ) 
4 179 180 (6144 -6144 6776 ) (6144 -6144 -8280 ) (6144 -7168 -8280 ) (6144 -7168 6776 ) 
4 180 187 (5120 -6144 6776 ) (5120 -6144 -8280 ) (5120 -7168 -8280 ) (5120 -7168 6776 ) 
4 180 182 (6144 -7168 -8280 ) (6144 -7168 6776 ) (5120 -7168 6776 ) (5120 -7168 -8280 ) 
4 181 183 (6517 -8192 6776 ) (6144 -8192 6776 ) (6144 -8192 -8280 ) (6517 -8192 -8280 ) 
4 181 182 (6144 -8192 -8280 ) (6144 -8192 6776 ) (6144 -7168 6776 ) (6144 -7168 -8280 ) 
4 182 189 (5120 -8192 -8280 ) (5120 -8192 6776 ) (5120 -7168 6776 ) (5120 -7168 -8280 ) 
4 182 184 (5120 -8192 6776 ) (5120 -8192 -8280 ) (6144 -8192 -8280 ) (6144 -8192 6776 ) 
4 183 185 (6517 -9216 6776 ) (6144 -9216 6776 ) (6144 -9216 -8280 ) (6517 -9216 -8280 ) 
4 183 184 (6144 -8192 6776 ) (6144 -8192 -8280 ) (6144 -9216 -8280 ) (6144 -9216 6776 ) 
4 184 191 (5120 -9216 -8280 ) (5120 -9216 6776 ) (5120 -8192 6776 ) (5120 -8192 -8280 ) 
4 184 186 (6144 -9216 -8280 ) (6144 -9216 6776 ) (5120 -9216 6776 ) (5120 -9216 -8280 ) 
4 185 186 (6144 -9216 6776 ) (6144 -9216 -8280 ) (6144 -10240 -8280 ) (6144 -10240 6776 ) 
4 186 199 (5120 -10240 -8280 ) (5120 -10240 6776 ) (5120 -9216 6776 ) (5120 -9216 -8280 ) 
4 187 189 (5120 -7168 -8280 ) (5120 -7168 6776 ) (4096 -7168 6776 ) (4096 -7168 -8280 ) 
4 187 188 (4096 -6144 6776 ) (4096 -6144 -8280 ) (4096 -7168 -8280 ) (4096 -7168 6776 ) 
4 188 193 (3072 -6144 6776 ) (3072 -6144 -8280 ) (3072 -7168 -8280 ) (3072 -7168 6776 ) 
4 188 190 (4096 -7168 -8280 ) (4096 -7168 6776 ) (3072 -7168 6776 ) (3072 -7168 -8280 ) 
4 189 191 (5120 -8192 -8280 ) (5120 -8192 6776 ) (4096 -8192 6776 ) (4096 -8192 -8280 ) 
4 189 190 (4096 -8192 -8280 ) (4096 -8192 6776 ) (4096 -7168 6776 ) (4096 -7168 -8280 ) 
4 190 195 (3072 -8192 -8280 ) (3072 -8192 6776 ) (3072 -7168 6776 ) (3072 -7168 -8280 ) 
4 190 192 (3072 -8192 6776 ) (3072 -8192 -8280 ) (4096 -8192 -8280 ) (4096 -8192 6776 ) 
4 191 199 (5120 -9216 -8280 ) (5120 -9216 6776 ) (4096 -9216 6776 ) (4096 -9216 -8280 ) 
4 191 192 (4096 -8192 6776 ) (4096 -8192 -8280 ) (4096 -9216 -8280 ) (4096 -9216 6776 ) 
4 192 200 (4096 -9216 -8280 ) (4096 -9216 6776 ) (3072 -9216 6776 ) (3072 -9216 -8280 ) 
4 192 197 (3072 -9216 -8280 ) (3072 -9216 6776 ) (3072 -8192 6776 ) (3072 -8192 -8280 ) 
4 193 195 (3072 -7168 -8280 ) (3072 -7168 6776 ) (2048 -7168 6776 ) (2048 -7168 -8280 ) 
4 193 194 (2048 -6144 6776 ) (2048 -6144 -8280 ) (2048 -7168 -8280 ) (2048 -7168 6776 ) 
4 194 245 (1024 -7168 -8280 ) (1024 -7168 6776 ) (1024 -6144 6776 ) (1024 -6144 -8280 ) 
4 194 196 (2048 -7168 -8280 ) (2048 -7168 6776 ) (1024 -7168 6776 ) (1024 -7168 -8280 ) 
4 195 197 (3072 -8192 -8280 ) (3072 -8192 6776 ) (2048 -8192 6776 ) (2048 -8192 -8280 ) 
4 195 196 (2048 -8192 -8280 ) (2048 -8192 6776 ) (2048 -7168 6776 ) (2048 -7168 -8280 ) 
4 196 247 (1024 -8192 -8280 ) (1024 -8192 6776 ) (1024 -7168 6776 ) (1024 -7168 -8280 ) 
4 196 198 (1024 -8192 6776 ) (1024 -8192 -8280 ) (2048 -8192 -8280 ) (2048 -8192 6776 ) 
4 197 201 (3072 -9216 -8280 ) (3072 -9216 6776 ) (2048 -9216 6776 ) (2048 -9216 -8280 ) 
4 197 198 (2048 -8192 6776 ) (2048 -8192 -8280 ) (2048 -9216 -8280 ) (2048 -9216 6776 ) 
4 198 249 (1024 -9216 -8280 ) (1024 -9216 6776 ) (1024 -8192 6776 ) (1024 -8192 -8280 ) 
4 198 202 (2048 -9216 -8280 ) (2048 -9216 6776 ) (1024 -9216 6776 ) (1024 -9216 -8280 ) 
4 199 200 (4096 -9216 6776 ) (4096 -9216 -8280 ) (4096 -10240 -8280 ) (4096 -10240 6776 ) 
4 200 201 (3072 -9216 6776 ) (3072 -9216 -8280 ) (3072 -10240 -8280 ) (3072 -10240 6776 ) 
4 201 202 (2048 -9216 6776 ) (2048 -9216 -8280 ) (2048 -10240 -8280 ) (2048 -10240 6776 ) 
4 202 257 (1024 -10240 -8280 ) (1024 -10240 6776 ) (1024 -9216 6776 ) (1024 -9216 -8280 ) 
4 203 205 (1024 -1024 -8280 ) (1024 -1024 6776 ) (0 -1024 6776 ) (0 -1024 -8280 ) 
4 203 204 (0 0 6776 ) (0 0 -8280 ) (0 -1024 -8280 ) (0 -1024 6776 ) 
4 204 209 (-1024 0 6776 ) (-1024 0 -8280 ) (-1024 -1024 -8280 ) (-1024 -1024 6776 ) 
4 204 206 (0 -1024 -8280 ) (0 -1024 6776 ) (-1024 -1024 6776 ) (-1024 -1024 -8280 ) 
4 205 207 (1024 -2048 -8280 ) (1024 -2048 6776 ) (0 -2048 6776 ) (0 -2048 -8280 ) 
4 205 206 (0 -2048 -8280 ) (0 -2048 6776 ) (0 -1024 6776 ) (0 -1024 -8280 ) 
4 206 211 (-1024 -2048 -8280 ) (-1024 -2048 6776 ) (-1024 -1024 6776 ) (-1024 -1024 -8280 ) 
4 206 208 (-1024 -2048 6776 ) (-1024 -2048 -8280 ) (0 -2048 -8280 ) (0 -2048 6776 ) 
4 207 215 (1024 -3072 -8280 ) (1024 -3072 6776 ) (0 -3072 6776 ) (0 -3072 -8280 ) 
4 207 208 (0 -2048 6776 ) (0 -2048 -8280 ) (0 -3072 -8280 ) (0 -3072 6776 ) 
4 208 216 (0 -3072 -8280 ) (0 -3072 6776 ) (-1024 -3072 6776 ) (-1024 -3072 -8280 ) 
4 208 213 (-1024 -3072 -8280 ) (-1024 -3072 6776 ) (-1024 -2048 6776 ) (-1024 -2048 -8280 ) 
4 209 211 (-1024 -1024 -8280 ) (-1024 -1024 6776 ) (-2048 -1024 6776 ) (-2048 -1024 -8280 ) 
4 209 210 (-2048 0 6776 ) (-2048 0 -8280 ) (-2048 -1024 -8280 ) (-2048 -1024 6776 ) 
4 210 227 (-3072 0 6776 ) (-3072 0 -8280 ) (-3072 -1024 -8280 ) (-3072 -1024 6776 ) 
4 210 212 (-2048 -1024 -8280 ) (-2048 -1024 6776 ) (-3072 -1024 6776 ) (-3072 -1024 -8280 ) 
4 211 213 (-1024 -2048 -8280 ) (-1024 -2048 6776 ) (-2048 -2048 6776 ) (-2048 -2048 -8280 ) 
4 211 212 (-2048 -2048 -8280 ) (-2048 -2048 6776 ) (-2048 -1024 6776 ) (-2048 -1024 -8280 ) 
4 212 229 (-3072 -2048 -8280 ) (-3072 -2048 6776 ) (-3072 -1024 6776 ) (-3072 -1024 -8280 ) 
4 212 214 (-3072 -2048 6776 ) (-3072 -2048 -8280 ) (-2048 -2048 -8280 ) (-2048 -2048 6776 ) 
4 213 221 (-1024 -3072 -8280 ) (-1024 -3072 6776 ) (-2048 -3072 6776 ) (-2048 -3072 -8280 ) 
4 213 214 (-2048 -2048 6776 ) (-2048 -2048 -8280 ) (-2048 -3072 -8280 ) (-2048 -3072 6776 ) 
4 214 231 (-3072 -3072 -8280 ) (-3072 -3072 6776 ) (-3072 -2048 6776 ) (-3072 -2048 -8280 ) 
4 214 222 (-2048 -3072 -8280 ) (-2048 -3072 6776 ) (-3072 -3072 6776 ) (-3072 -3072 -8280 ) 
4 215 217 (1024 -4096 -8280 ) (1024 -4096 6776 ) (0 -4096 6776 ) (0 -4096 -8280 ) 
4 215 216 (0 -3072 6776 ) (0 -3072 -8280 ) (0 -4096 -8280 ) (0 -4096 6776 ) 
4 216 221 (-1024 -3072 6776 ) (-1024 -3072 -8280 ) (-1024 -4096 -8280 ) (-1024 -4096 6776 ) 
4 216 218 (0 -4096 -8280 ) (0 -4096 6776 ) (-1024 -4096 6776 ) (-1024 -4096 -8280 ) 
4 217 219 (1024 -5120 -8280 ) (1024 -5120 6776 ) (0 -5120 6776 ) (0 -5120 -8280 ) 
4 217 218 (0 -5120 -8280 ) (0 -5120 6776 ) (0 -4096 6776 ) (0 -4096 -8280 ) 
4 218 223 (-1024 -5120 -8280 ) (-1024 -5120 6776 ) (-1024 -4096 6776 ) (-1024 -4096 -8280 ) 
4 218 220 (-1024 -5120 6776 ) (-1024 -5120 -8280 ) (0 -5120 -8280 ) (0 -5120 6776 ) 
4 219 245 (1024 -6144 -8280 ) (1024 -6144 6776 ) (0 -6144 6776 ) (0 -6144 -8280 ) 
4 219 220 (0 -5120 6776 ) (0 -5120 -8280 ) (0 -6144 -8280 ) (0 -6144 6776 ) 
4 220 246 (0 -6144 -8280 ) (0 -6144 6776 ) (-1024 -6144 6776 ) (-1024 -6144 -8280 ) 
4 220 225 (-1024 -6144 -8280 ) (-1024 -6144 6776 ) (-1024 -5120 6776 ) (-1024 -5120 -8280 ) 
4 221 223 (-1024 -4096 -8280 ) (-1024 -4096 6776 ) (-2048 -4096 6776 ) (-2048 -4096 -8280 ) 
4 221 222 (-2048 -3072 6776 ) (-2048 -3072 -8280 ) (-2048 -4096 -8280 ) (-2048 -4096 6776 ) 
4 222 236 (-3072 -4096 -8280 ) (-3072 -4096 6776 ) (-3072 -3072 6776 ) (-3072 -3072 -8280 ) 
4 222 224 (-2048 -4096 -8280 ) (-2048 -4096 6776 ) (-3072 -4096 6776 ) (-3072 -4096 -8280 ) 
4 223 225 (-1024 -5120 -8280 ) (-1024 -5120 6776 ) (-2048 -5120 6776 ) (-2048 -5120 -8280 ) 
4 223 224 (-2048 -5120 -8280 ) (-2048 -5120 6776 ) (-2048 -4096 6776 ) (-2048 -4096 -8280 ) 
4 224 238 (-3072 -5120 -8280 ) (-3072 -5120 6776 ) (-3072 -4096 6776 ) (-3072 -4096 -8280 ) 
4 224 226 (-3072 -5120 6776 ) (-3072 -5120 -8280 ) (-2048 -5120 -8280 ) (-2048 -5120 6776 ) 
4 225 251 (-1024 -6144 -8280 ) (-1024 -6144 6776 ) (-2048 -6144 6776 ) (-2048 -6144 -8280 ) 
4 225 226 (-2048 -5120 6776 ) (-2048 -5120 -8280 ) (-2048 -6144 -8280 ) (-2048 -6144 6776 ) 
4 226 252 (-2048 -6144 -8280 ) (-2048 -6144 6776 ) (-3072 -6144 6776 ) (-3072 -6144 -8280 ) 
4 226 240 (-3072 -6144 -8280 ) (-3072 -6144 6776 ) (-3072 -5120 6776 ) (-3072 -5120 -8280 ) 
4 227 229 (-3072 -1024 -8280 ) (-3072 -1024 6776 ) (-4096 -1024 6776 ) (-4096 -1024 -8280 ) 
4 227 228 (-4096 0 6776 ) (-4096 0 -8280 ) (-4096 -1024 -8280 ) (-4096 -1024 6776 ) 
4 228 233 (-5120 0 6776 ) (-5120 0 -8280 ) (-5120 -1024 -8280 ) (-5120 -1024 6776 ) 
4 228 230 (-4096 -1024 -8280 ) (-4096 -1024 6776 ) (-5120 -1024 6776 ) (-5120 -1024 -8280 ) 
4 229 231 (-3072 -2048 -8280 ) (-3072 -2048 6776 ) (-4096 -2048 6776 ) (-4096 -2048 -8280 ) 
4 229 230 (-4096 -2048 -8280 ) (-4096 -2048 6776 ) (-4096 -1024 6776 ) (-4096 -1024 -8280 ) 
4 230 234 (-5120 -2048 -8280 ) (-5120 -2048 6776 ) (-5120 -1024 6776 ) (-5120 -1024 -8280 ) 
4 230 232 (-5120 -2048 6776 ) (-5120 -2048 -8280 ) (-4096 -2048 -8280 ) (-4096 -2048 6776 ) 
4 231 236 (-3072 -3072 -8280 ) (-3072 -3072 6776 ) (-4096 -3072 6776 ) (-4096 -3072 -8280 ) 
4 231 232 (-4096 -2048 6776 ) (-4096 -2048 -8280 ) (-4096 -3072 -8280 ) (-4096 -3072 6776 ) 
4 232 237 (-4096 -3072 -8280 ) (-4096 -3072 6776 ) (-5120 -3072 6776 ) (-5120 -3072 -8280 ) 
4 232 235 (-5120 -3072 -8280 ) (-5120 -3072 6776 ) (-5120 -2048 6776 ) (-5120 -2048 -8280 ) 
4 233 234 (-5120 -1024 -8280 ) (-5120 -1024 6776 ) (-5733 -1024 6776 ) (-5733 -1024 -8280 ) 
4 234 235 (-5120 -2048 -8280 ) (-5120 -2048 6776 ) (-5733 -2048 6776 ) (-5733 -2048 -8280 ) 
4 235 242 (-5120 -3072 -8280 ) (-5120 -3072 6776 ) (-5733 -3072 6776 ) (-5733 -3072 -8280 ) 
4 236 238 (-3072 -4096 -8280 ) (-3072 -4096 6776 ) (-4096 -4096 6776 ) (-4096 -4096 -8280 ) 
4 236 237 (-4096 -3072 6776 ) (-4096 -3072 -8280 ) (-4096 -4096 -8280 ) (-4096 -4096 6776 ) 
4 237 242 (-5120 -3072 6776 ) (-5120 -3072 -8280 ) (-5120 -4096 -8280 ) (-5120 -4096 6776 ) 
4 237 239 (-4096 -4096 -8280 ) (-4096 -4096 6776 ) (-5120 -4096 6776 ) (-5120 -4096 -8280 ) 
4 238 240 (-3072 -5120 -8280 ) (-3072 -5120 6776 ) (-4096 -5120 6776 ) (-4096 -5120 -8280 ) 
4 238 239 (-4096 -5120 -8280 ) (-4096 -5120 6776 ) (-4096 -4096 6776 ) (-4096 -4096 -8280 ) 
4 239 243 (-5120 -5120 -8280 ) (-5120 -5120 6776 ) (-5120 -4096 6776 ) (-5120 -4096 -8280 ) 
4 239 241 (-5120 -5120 6776 ) (-5120 -5120 -8280 ) (-4096 -5120 -8280 ) (-4096 -5120 6776 ) 
4 240 261 (-3072 -6144 -8280 ) (-3072 -6144 6776 ) (-4096 -6144 6776 ) (-4096 -6144 -8280 ) 
4 240 241 (-4096 -5120 6776 ) (-4096 -5120 -8280 ) (-4096 -6144 -8280 ) (-4096 -6144 6776 ) 
4 241 262 (-4096 -6144 -8280 ) (-4096 -6144 6776 ) (-5120 -6144 6776 ) (-5120 -6144 -8280 ) 
4 241 244 (-5120 -6144 -8280 ) (-5120 -6144 6776 ) (-5120 -5120 6776 ) (-5120 -5120 -8280 ) 
4 242 243 (-5120 -4096 -8280 ) (-5120 -4096 6776 ) (-5733 -4096 6776 ) (-5733 -4096 -8280 ) 
4 243 244 (-5120 -5120 -8280 ) (-5120 -5120 6776 ) (-5733 -5120 6776 ) (-5733 -5120 -8280 ) 
4 244 267 (-5120 -6144 -8280 ) (-5120 -6144 6776 ) (-5733 -6144 6776 ) (-5733 -6144 -8280 ) 
4 245 247 (1024 -7168 -8280 ) (1024 -7168 6776 ) (0 -7168 6776 ) (0 -7168 -8280 ) 
4 245 246 (0 -6144 6776 ) (0 -6144 -8280 ) (0 -7168 -8280 ) (0 -7168 6776 ) 
4 246 251 (-1024 -6144 6776 ) (-1024 -6144 -8280 ) (-1024 -7168 -8280 ) (-1024 -7168 6776 ) 
4 246 248 (0 -7168 -8280 ) (0 -7168 6776 ) (-1024 -7168 6776 ) (-1024 -7168 -8280 ) 
4 247 249 (1024 -8192 -8280 ) (1024 -8192 6776 ) (0 -8192 6776 ) (0 -8192 -8280 ) 
4 247 248 (0 -8192 -8280 ) (0 -8192 6776 ) (0 -7168 6776 ) (0 -7168 -8280 ) 
4 248 253 (-1024 -8192 -8280 ) (-1024 -8192 6776 ) (-1024 -7168 6776 ) (-1024 -7168 -8280 ) 
4 248 250 (-1024 -8192 6776 ) (-1024 -8192 -8280 ) (0 -8192 -8280 ) (0 -8192 6776 ) 
4 249 257 (1024 -9216 -8280 ) (1024 -9216 6776 ) (0 -9216 6776 ) (0 -9216 -8280 ) 
4 249 250 (0 -8192 6776 ) (0 -8192 -8280 ) (0 -9216 -8280 ) (0 -9216 6776 ) 
4 250 258 (0 -9216 -8280 ) (0 -9216 6776 ) (-1024 -9216 6776 ) (-1024 -9216 -8280 ) 
4 250 255 (-1024 -9216 -8280 ) (-1024 -9216 6776 ) (-1024 -8192 6776 ) (-1024 -8192 -8280 ) 
4 251 253 (-1024 -7168 -8280 ) (-1024 -7168 6776 ) (-2048 -7168 6776 ) (-2048 -7168 -8280 ) 
4 251 252 (-2048 -6144 6776 ) (-2048 -6144 -8280 ) (-2048 -7168 -8280 ) (-2048 -7168 6776 ) 
4 252 261 (-3072 -6144 6776 ) (-3072 -6144 -8280 ) (-3072 -7168 -8280 ) (-3072 -7168 6776 ) 
4 252 254 (-2048 -7168 -8280 ) (-2048 -7168 6776 ) (-3072 -7168 6776 ) (-3072 -7168 -8280 ) 
4 253 255 (-1024 -8192 -8280 ) (-1024 -8192 6776 ) (-2048 -8192 6776 ) (-2048 -8192 -8280 ) 
4 253 254 (-2048 -8192 -8280 ) (-2048 -8192 6776 ) (-2048 -7168 6776 ) (-2048 -7168 -8280 ) 
4 254 263 (-3072 -8192 -8280 ) (-3072 -8192 6776 ) (-3072 -7168 6776 ) (-3072 -7168 -8280 ) 
4 254 256 (-3072 -8192 6776 ) (-3072 -8192 -8280 ) (-2048 -8192 -8280 ) (-2048 -8192 6776 ) 
4 255 259 (-1024 -9216 -8280 ) (-1024 -9216 6776 ) (-2048 -9216 6776 ) (-2048 -9216 -8280 ) 
4 255 256 (-2048 -8192 6776 ) (-2048 -8192 -8280 ) (-2048 -9216 -8280 ) (-2048 -9216 6776 ) 
4 256 265 (-3072 -9216 -8280 ) (-3072 -9216 6776 ) (-3072 -8192 6776 ) (-3072 -8192 -8280 ) 
4 256 260 (-2048 -9216 -8280 ) (-2048 -9216 6776 ) (-3072 -9216 6776 ) (-3072 -9216 -8280 ) 
4 257 258 (0 -9216 6776 ) (0 -9216 -8280 ) (0 -10240 -8280 ) (0 -10240 6776 ) 
4 258 259 (-1024 -9216 6776 ) (-1024 -9216 -8280 ) (-1024 -10240 -8280 ) (-1024 -10240 6776 ) 
4 259 260 (-2048 -9216 6776 ) (-2048 -9216 -8280 ) (-2048 -10240 -8280 ) (-2048 -10240 6776 ) 
4 260 270 (-3072 -10240 -8280 ) (-3072 -10240 6776 ) (-3072 -9216 6776 ) (-3072 -9216 -8280 ) 
4 261 263 (-3072 -7168 -8280 ) (-3072 -7168 6776 ) (-4096 -7168 6776 ) (-4096 -7168 -8280 ) 
4 261 262 (-4096 -6144 6776 ) (-4096 -6144 -8280 ) (-4096 -7168 -8280 ) (-4096 -7168 6776 ) 
4 262 267 (-5120 -6144 6776 ) (-5120 -6144 -8280 ) (-5120 -7168 -8280 ) (-5120 -7168 6776 ) 
4 262 264 (-4096 -7168 -8280 ) (-4096 -7168 6776 ) (-5120 -7168 6776 ) (-5120 -7168 -8280 ) 
4 263 265 (-3072 -8192 -8280 ) (-3072 -8192 6776 ) (-4096 -8192 6776 ) (-4096 -8192 -8280 ) 
4 263 264 (-4096 -8192 -8280 ) (-4096 -8192 6776 ) (-4096 -7168 6776 ) (-4096 -7168 -8280 ) 
4 264 268 (-5120 -8192 -8280 ) (-5120 -8192 6776 ) (-5120 -7168 6776 ) (-5120 -7168 -8280 ) 
4 264 266 (-5120 -8192 6776 ) (-5120 -8192 -8280 ) (-4096 -8192 -8280 ) (-4096 -8192 6776 ) 
4 265 270 (-3072 -9216 -8280 ) (-3072 -9216 6776 ) (-4096 -9216 6776 ) (-4096 -9216 -8280 ) 
4 265 266 (-4096 -8192 6776 ) (-4096 -8192 -8280 ) (-4096 -9216 -8280 ) (-4096 -9216 6776 ) 
4 266 271 (-4096 -9216 -8280 ) (-4096 -9216 6776 ) (-5120 -9216 6776 ) (-5120 -9216 -8280 ) 
4 266 269 (-5120 -9216 -8280 ) (-5120 -9216 6776 ) (-5120 -8192 6776 ) (-5120 -8192 -8280 ) 
4 267 268 (-5120 -7168 -8280 ) (-5120 -7168 6776 ) (-5733 -7168 6776 ) (-5733 -7168 -8280 ) 
4 268 269 (-5120 -8192 -8280 ) (-5120 -8192 6776 ) (-5733 -8192 6776 ) (-5733 -8192 -8280 ) 
4 269 272 (-5120 -9216 -8280 ) (-5120 -9216 6776 ) (-5733 -9216 6776 ) (-5733 -9216 -8280 ) 
4 270 271 (-4096 -9216 6776 ) (-4096 -9216 -8280 ) (-4096 -10240 -8280 ) (-4096 -10240 6776 ) 
4 271 272 (-5120 -9216 6776 ) (-5120 -9216 -8280 ) (-5120 -10240 -8280 ) (-5120 -10240 6776 ) 
